Future Technology Devices International Limited (c) 2007-2010, All Rights Reserved


CPU_CORE =   VC2, CPU_RAM_SIZE= 16 KB, CPU_ROM_SIZE=256 KB

Linker Version  = V1.0.1 Loader Version =  V1.0.1
Fri Jan 08 16:39:18 2016


=================================================================================================================

SEGMENT_MAP    
=================================================================================================================

Start Address                  Segment Name                   Segment Size
=================================================================================================================

0003c0 .text                          00000131f0
0135b0 .dataFlash                     000000038a
000000 .dataRAM                       000000038a
00038a .bss                           00000009d8
000d62 .HeapRAM                       0000002e9c

=================================================================================================================

SYMBOL_TABLE   
=================================================================================================================

SYM ADDRESS PUBLIC SYM NAME                SYM TYPE   MEM TYPE FILE NAME            SYM SIZE  
NOTE:L=LABEL F=FUNCTION 0=FLASH and 1=RAM
=================================================================================================================

0043a main                           F              0 USBTMC_TO_USBBRI.obj 000a4
004de usbslave_connect               F              0 USBTMC_TO_USBBRI.obj 0007d
0055b usbslave_disconnect            F              0 USBTMC_TO_USBBRI.obj 00079
005d4 open_drivers                   F              0 USBTMC_TO_USBBRI.obj 00024
005f8 attach_drivers                 F              0 USBTMC_TO_USBBRI.obj 00001
005f9 close_drivers                  F              0 USBTMC_TO_USBBRI.obj 00010
00609 set_uart_baudrate              F              0 USBTMC_TO_USBBRI.obj 00077
00680 write_uart                     F              0 USBTMC_TO_USBBRI.obj 0008f
0070f firmware                       F              0 USBTMC_TO_USBBRI.obj 0006c
0077b USBTMC_attach                  F              0 USBTMC_TO_USBBRI.obj 0001b
00796 USBBRI_attach                  F              0 USBTMC_TO_USBBRI.obj 0001b
0038a BRI_TO_TMC_bulk_buffer         L              1 USBTMC_TO_USBBRI.obj 00040
003ca TMC_TO_BRI_bulk_buffer         L              1 USBTMC_TO_USBBRI.obj 00040
0040a mark_array                     L              1 USBTMC_TO_USBBRI.obj 0001e
00428 bulk_header                    L              1 USBTMC_TO_USBBRI.obj 0000c
00434 TMC_requset_BRI_answer         L              1 USBTMC_TO_USBBRI.obj 00001
00435 BRI_read_done                  L              1 USBTMC_TO_USBBRI.obj 00001
00436 TMC_read_done                  L              1 USBTMC_TO_USBBRI.obj 00001
00437 hUSBSLAVE_USBBRI               L              1 USBTMC_TO_USBBRI.obj 00002
00439 hUSBSLAVE_USBTMC               L              1 USBTMC_TO_USBBRI.obj 00002
0043b BRI_write_done                 L              1 USBTMC_TO_USBBRI.obj 00001
0043c TMC_write_done                 L              1 USBTMC_TO_USBBRI.obj 00001
0043d hUART                          L              1 USBTMC_TO_USBBRI.obj 00002
0043f BRI_read_buffer                L              1 USBTMC_TO_USBBRI.obj 00400
0083f TMC_read_buffer                L              1 USBTMC_TO_USBBRI.obj 00400
00c3f BRI_TO_TMC_controul_buffer     L              1 USBTMC_TO_USBBRI.obj 00010
00c4f TMC_TO_BRI_controul_buffer     L              1 USBTMC_TO_USBBRI.obj 00010
00c5f tcbUSBBRI                      L              1 USBTMC_TO_USBBRI.obj 00002
00c61 tcbUSBTMC                      L              1 USBTMC_TO_USBBRI.obj 00002
00c63 hUSBSLAVE_1                    L              1 USBTMC_TO_USBBRI.obj 00002
00c65 hUSBSLAVE_2                    L              1 USBTMC_TO_USBBRI.obj 00002
00c67 tcbFIRMWARE                    L              1 USBTMC_TO_USBBRI.obj 00002
07bf3 iomux_setup                    F              0 USBTMC_TO_FT232_iomux.obj 0019e
07da9 USBTMC_function_init           F              0 USBTMC_interface.obj 00220
07fc9 USBTMC_slave_attach            F              0 USBTMC_interface.obj 000a7
08070 USBTMC_slave_detach            F              0 USBTMC_interface.obj 00055
080c5 USBTMC_ioctl                   F              0 USBTMC_interface.obj 000c2
08187 USBTMC_disconnect              F              0 USBTMC_interface.obj 000f7
0827e USBTMC_connect                 F              0 USBTMC_interface.obj 0088d
08b0b USBTMC_read                    F              0 USBTMC_interface.obj 00044
08b4f USBTMC_write                   F              0 USBTMC_interface.obj 00240
08d8f USBTMC_bulk_read_thread        F              0 USBTMC_interface.obj 00001
08d90 USBTMC_bulk_write_thread       F              0 USBTMC_interface.obj 00a0a
0979a USB_device_error_deal          F              0 USBTMC_interface.obj 000b7
09851 USBTMC_send_setup_packet       F              0 USBTMC_interface.obj 00066
098b7 USBTMC_queue_bulk_out_header   F              0 USBTMC_interface.obj 005df
09e96 USBTMC_int_read_thread         F              0 USBTMC_interface.obj 00328
0a1be queue_bulk_in_data             F              0 USBTMC_interface.obj 00060
0a21e USBTMC_queue_bulk_in_header    F              0 USBTMC_interface.obj 00884
0aaa2 get_descriptor                 F              0 USBTMC_interface.obj 00249
0aceb controul_setup                 F              0 USBTMC_interface.obj 0021a
0af05 standard_request               F              0 USBTMC_interface.obj 00202
0b107 class_request                  F              0 USBTMC_interface.obj 0011a
0b221 vendor_request                 F              0 USBTMC_interface.obj 00889
0baaa get_bulk_status                F              0 USBTMC_interface.obj 00c73
0c71d wait_setup_packet              F              0 USBTMC_interface.obj 0014c
0c869 controul_transfer_in           F              0 USBTMC_interface.obj 001ff
0ca68 controul_transfer_out          F              0 USBTMC_interface.obj 001ff
0cc67 bulk_read                      F              0 USBTMC_interface.obj 001c1
0ce28 bulk_write                     F              0 USBTMC_interface.obj 001c1
0cfe9 int_read                       F              0 USBTMC_interface.obj 001c1
0d1aa int_write                      F              0 USBTMC_interface.obj 001c1
0d36b setup_transfer_handshake       F              0 USBTMC_interface.obj 0015f
0d4ca set_endpoint_maxpacket_size    F              0 USBTMC_interface.obj 001ed
0d6b7 set_control_ep_halt            F              0 USBTMC_interface.obj 00096
0d74d set_endpoint_stall             F              0 USBTMC_interface.obj 0009c
0d7e9 set_address                    F              0 USBTMC_interface.obj 000a9
0d892 get_interface                  F              0 USBTMC_interface.obj 0004a
0d8dc set_interface                  F              0 USBTMC_interface.obj 00081
0d95d get_configuration              F              0 USBTMC_interface.obj 0004d
0d9aa set_configuration              F              0 USBTMC_interface.obj 000a9
0da53 set_feature                    F              0 USBTMC_interface.obj 0009c
0daef clear_feature                  F              0 USBTMC_interface.obj 0009c
0db8b get_ep_status                  F              0 USBTMC_interface.obj 000db
0dc66 get_device_status              F              0 USBTMC_interface.obj 000d5
0dd3b memset_bulk_header             F              0 USBTMC_interface.obj 0047a
0e1b5 class_requests_inititate_abort_bulk_out F              0 USBTMC_interface.obj 00567
0e71c class_requests_check_abort_bulk_out_status F              0 USBTMC_interface.obj 00477
0eb93 class_requests_inititate_abort_bulk_in F              0 USBTMC_interface.obj 005bc
0f14f class_requests_check_abort_bulk_in_status F              0 USBTMC_interface.obj 0064f
0f79e class_requests_initiate_clear  F              0 USBTMC_interface.obj 00366
0fb04 class_requests_check_clear_statue F              0 USBTMC_interface.obj 00337
0fe3b class_requests_get_capablities F              0 USBTMC_interface.obj 006d2
1050d class_requests_indicator_pulse F              0 USBTMC_interface.obj 000e1
00061 device_desc                    L              1 USBTMC_interface.obj 00012
00073 config_desc                    L              1 USBTMC_interface.obj 00009
0007c interface_desc                 L              1 USBTMC_interface.obj 00009
00085 endpointIN_bulk_desc           L              1 USBTMC_interface.obj 00007
0008c endpointOUT_bulk_desc          L              1 USBTMC_interface.obj 00007
00093 endpointIN_interrupt_desc      L              1 USBTMC_interface.obj 00007
0009a zero_string_desc               L              1 USBTMC_interface.obj 00004
0009e str0_descriptor                L              1 USBTMC_interface.obj 00004
000a2 str1_descriptor                L              1 USBTMC_interface.obj 0000a
000ac str2_descriptor                L              1 USBTMC_interface.obj 0001a
000c6 str3_descriptor                L              1 USBTMC_interface.obj 0000a
105f2 USBBRI_function_init           F              0 USBBRI_interface.obj 00220
10812 USBBRI_slave_attach            F              0 USBBRI_interface.obj 000a7
108b9 USBBRI_slave_detach            F              0 USBBRI_interface.obj 00055
1090e USBBRI_ioctl                   F              0 USBBRI_interface.obj 000c2
109d0 USBBRI_disconnect              F              0 USBBRI_interface.obj 000f7
10ac7 USBBRI_connect                 F              0 USBBRI_interface.obj 0088f
11356 USBBRI_read                    F              0 USBBRI_interface.obj 00044
1139a USBBRI_write                   F              0 USBBRI_interface.obj 00240
115da USBBRI_bulk_read_thread        F              0 USBBRI_interface.obj 00078
11652 USBBRI_bulk_write_thread       F              0 USBBRI_interface.obj 000c4
11716 USBBRI_int_read_thread         F              0 USBBRI_interface.obj 002ac
119c2 USBBRI_controul_setup          F              0 USBBRI_interface.obj 00142
11b04 USBBRI_standard_request        F              0 USBBRI_interface.obj 00202
11d06 USBBRI_get_descriptor          F              0 USBBRI_interface.obj 00219
11f1f USBBRI_class_request           F              0 USBBRI_interface.obj 00005
11f24 USBBRI_vendor_request          F              0 USBBRI_interface.obj 002a9
121cd USBBRI_wait_setup_packet       F              0 USBBRI_interface.obj 0014f
1231c USBBRI_controul_transfer_in    F              0 USBBRI_interface.obj 001ff
1251b USBBRI_controul_transfer_out   F              0 USBBRI_interface.obj 001ff
1271a USBBRI_bulk_read               F              0 USBBRI_interface.obj 001c1
128db USBBRI_bulk_write              F              0 USBBRI_interface.obj 001c1
12a9c USBBRI_int_read                F              0 USBBRI_interface.obj 001c1
12c5d USBBRI_setup_transfer_handshake F              0 USBBRI_interface.obj 0015f
12dbc USBBRI_set_endpoint_maxpacket_size F              0 USBBRI_interface.obj 001ed
12fa9 USBBRI_set_control_ep_halt     F              0 USBBRI_interface.obj 00096
1303f USBBRI_set_address             F              0 USBBRI_interface.obj 000a9
130e8 USBBRI_get_interface           F              0 USBBRI_interface.obj 0004a
13132 USBBRI_set_interface           F              0 USBBRI_interface.obj 00081
131b3 USBBRI_get_configuration       F              0 USBBRI_interface.obj 0004d
13200 USBBRI_set_configuration       F              0 USBBRI_interface.obj 000a9
132a9 USBBRI_set_feature             F              0 USBBRI_interface.obj 0009c
13345 USBBRI_clear_feature           F              0 USBBRI_interface.obj 0009c
133e1 USBBRI_get_ep_status           F              0 USBBRI_interface.obj 000fa
134db USBBRI_get_device_status       F              0 USBBRI_interface.obj 000d5
002ee USBBRI_device_desc             L              1 USBBRI_interface.obj 00012
00300 USBBRI_config_desc             L              1 USBBRI_interface.obj 00009
00309 USBBRI_interface_desc          L              1 USBBRI_interface.obj 00009
00312 USBBRI_endpointIN_bulk_desc    L              1 USBBRI_interface.obj 00007
00319 USBBRI_endpointOUT_bulk_desc   L              1 USBBRI_interface.obj 00007
00320 USBBRI_endpointIN_interrupt_desc L              1 USBBRI_interface.obj 00007
00327 USBBRI_zero_string_desc        L              1 USBBRI_interface.obj 00004
0032b USBBRI_string_desc             L              1 USBBRI_interface.obj 00003
